// Jest Snapshot v1, https://goo.gl/fbAQLP

exports[`<BaseScreen /> component should render correctly 1`] = `
<div>
  <header
    className="header"
  >
    <a
      className="has-text-success logo"
      href="/"
      onClick={[Function]}
    >
      <img
        alt="herenow"
        className="logo"
        src="nothing"
      />
    </a>
  </header>
  <div
    className="container"
  >
    <div>
      Some content
    </div>
  </div>
</div>
`;
