// Jest Snapshot v1, https://goo.gl/fbAQLP

exports[`<BaseScreen /> component should render correctly 1`] = `
<div>
  <header
    className={undefined}
  >
    <a
      className="has-text-success undefined"
      href="/"
      onClick={[Function]}
    >
      LOGO GOES HERE
    </a>
  </header>
  <div
    className="container"
  >
    <div>
      Some content
    </div>
  </div>
</div>
`;
